Microchip Technology Inc, v1.35 (A)

Tool Name:
  c:\program files (x86)\microchip\xc16\v1.35\bin\bin\..\bin/elf-ld.exe

Command:
  -p24F16KA101 \
  -o \
  dist/default/production/test.X.production.elf \
  -Lc:/program files (x86)/microchip/xc16/v1.35/bin/bin/.. \
  -Lc:/program files (x86)/microchip/xc16/v1.35/bin/bin/../../lib \
  -Lc:/program files (x86)/microchip/xc16/v1.35/bin/bin/../../support/PIC24E/gld \
  -Lc:/program files (x86)/microchip/xc16/v1.35/bin/bin/../../support/PIC24F/gld \
  -Lc:/program files (x86)/microchip/xc16/v1.35/bin/bin/../../support/PIC24H/gld \
  -Lc:/program files (x86)/microchip/xc16/v1.35/bin/bin/../../support/dsPIC30F/gld \
  -Lc:/program files (x86)/microchip/xc16/v1.35/bin/bin/../../support/dsPIC33C/gld \
  -Lc:/program files (x86)/microchip/xc16/v1.35/bin/bin/../../support/dsPIC33E/gld \
  -Lc:/program files (x86)/microchip/xc16/v1.35/bin/bin/../../support/dsPIC33F/gld \
  build/default/production/main.o \
  build/default/production/ChangeClk.o \
  build/default/production/_ext/212041334/UART2.o \
  build/default/production/_ext/212041334/timer.o \
  build/default/production/_ext/212041334/IO.o \
  build/default/production/_ext/212041334/Comparator.o \
  --defsym=__MPLAB_BUILD=1 \
  -Tp24F16KA101.gld.00 \
  --stack=16 \
  --check-sections \
  --data-init \
  --pack-data \
  --handles \
  --isr \
  --no-gc-sections \
  --fill-upper=0 \
  --stackguard=16 \
  --no-force-link \
  --smart-io \
  -Map=dist/default/production/test.X.production.map \
  --report-mem \
  --memorysummary \
  dist/default/production/memoryfile.xml \
  -start-group \
  --library=lega-pic30-elf \
  --library=m-elf \
  --library=lega-c-elf \
  -end-group \


Optional library libpPIC24Fxxx.a not found
Archive member included because of file (symbol)

c:/program files (x86)/microchip/xc16/v1.35/bin/bin/../../lib\liblega-pic30-elf.a(crt0_standard.o)
                              (__resetPRI)
c:/program files (x86)/microchip/xc16/v1.35/bin/bin/../../lib\liblega-pic30-elf.a(data_init_standard.o)
                              c:/program files (x86)/microchip/xc16/v1.35/bin/bin/../../lib\liblega-pic30-elf.a(crt0_standard.o) (__data_init_standard)
c:/program files (x86)/microchip/xc16/v1.35/bin/bin/../../lib\liblega-pic30-elf.a(crt_start_mode_normal.Leo)
                              (__crt_start_mode_normal)
c:/program files (x86)/microchip/xc16/v1.35/bin/bin/../../lib\libm-elf.a(addsf3.eo)
                              build/default/production/_ext/212041334/Comparator.o (___addsf3)
c:/program files (x86)/microchip/xc16/v1.35/bin/bin/../../lib\libm-elf.a(divsf3.eo)
                              build/default/production/_ext/212041334/Comparator.o (___divsf3)
c:/program files (x86)/microchip/xc16/v1.35/bin/bin/../../lib\libm-elf.a(feqltle.eo)
                              build/default/production/_ext/212041334/Comparator.o (___ltsf2)
c:/program files (x86)/microchip/xc16/v1.35/bin/bin/../../lib\libm-elf.a(fgtge.eo)
                              build/default/production/_ext/212041334/Comparator.o (___gtsf2)
c:/program files (x86)/microchip/xc16/v1.35/bin/bin/../../lib\libm-elf.a(floatunsisf.eo)
                              build/default/production/_ext/212041334/Comparator.o (___floatunsisf)
c:/program files (x86)/microchip/xc16/v1.35/bin/bin/../../lib\libm-elf.a(fpack.eo)
                              c:/program files (x86)/microchip/xc16/v1.35/bin/bin/../../lib\libm-elf.a(addsf3.eo) (__fpack)
c:/program files (x86)/microchip/xc16/v1.35/bin/bin/../../lib\libm-elf.a(funpack2.eo)
                              c:/program files (x86)/microchip/xc16/v1.35/bin/bin/../../lib\libm-elf.a(addsf3.eo) (__funpack2)
c:/program files (x86)/microchip/xc16/v1.35/bin/bin/../../lib\libm-elf.a(futil.eo)
                              c:/program files (x86)/microchip/xc16/v1.35/bin/bin/../../lib\libm-elf.a(addsf3.eo) (__fPropagateNaN)
c:/program files (x86)/microchip/xc16/v1.35/bin/bin/../../lib\libm-elf.a(mulsf3.eo)
                              build/default/production/_ext/212041334/Comparator.o (___mulsf3)
c:/program files (x86)/microchip/xc16/v1.35/bin/bin/../../lib\libm-elf.a(fcompare.eo)
                              c:/program files (x86)/microchip/xc16/v1.35/bin/bin/../../lib\libm-elf.a(feqltle.eo) (__fcompare)
c:/program files (x86)/microchip/xc16/v1.35/bin/bin/../../lib\libm-elf.a(floatundisf.eo)
                              c:/program files (x86)/microchip/xc16/v1.35/bin/bin/../../lib\libm-elf.a(floatunsisf.eo) (___floatundisf)
c:/program files (x86)/microchip/xc16/v1.35/bin/bin/../../lib\libm-elf.a(funpack.eo)
                              c:/program files (x86)/microchip/xc16/v1.35/bin/bin/../../lib\libm-elf.a(funpack2.eo) (__funpack)
c:/program files (x86)/microchip/xc16/v1.35/bin/bin/../../lib\liblega-c-elf.a(strlen.XX_eo)
                              build/default/production/_ext/212041334/UART2.o (_strlen)
c:/program files (x86)/microchip/xc16/v1.35/bin/bin/../../lib\liblega-c-elf.a(sprintf_cdnopuxX.XXeo)
                              build/default/production/_ext/212041334/Comparator.o (__sprintf_cdnopuxX)
c:/program files (x86)/microchip/xc16/v1.35/bin/bin/../../lib\liblega-c-elf.a(xprintf_cdnopuxX.XXeo)
                              c:/program files (x86)/microchip/xc16/v1.35/bin/bin/../../lib\liblega-c-elf.a(sprintf_cdnopuxX.XXeo) (___Printf_cdnopuxX)
c:/program files (x86)/microchip/xc16/v1.35/bin/bin/../../lib\liblega-c-elf.a(xputfld_cdnopuxX.XXeo)
                              c:/program files (x86)/microchip/xc16/v1.35/bin/bin/../../lib\liblega-c-elf.a(xprintf_cdnopuxX.XXeo) (___Putfld_cdnopuxX)
c:/program files (x86)/microchip/xc16/v1.35/bin/bin/../../lib\liblega-c-elf.a(memcpy.XX_eo)
                              c:/program files (x86)/microchip/xc16/v1.35/bin/bin/../../lib\liblega-c-elf.a(sprintf_cdnopuxX.XXeo) (_memcpy)
c:/program files (x86)/microchip/xc16/v1.35/bin/bin/../../lib\liblega-c-elf.a(strchr.XX_eo)
                              c:/program files (x86)/microchip/xc16/v1.35/bin/bin/../../lib\liblega-c-elf.a(xprintf_cdnopuxX.XXeo) (_strchr)
c:/program files (x86)/microchip/xc16/v1.35/bin/bin/../../lib\liblega-c-elf.a(xlitob.XX_eo)
                              c:/program files (x86)/microchip/xc16/v1.35/bin/bin/../../lib\liblega-c-elf.a(xputfld_cdnopuxX.XXeo) (__Litob)
c:/program files (x86)/microchip/xc16/v1.35/bin/bin/../../lib\liblega-c-elf.a(xputtxt.XX_eo)
                              c:/program files (x86)/microchip/xc16/v1.35/bin/bin/../../lib\liblega-c-elf.a(xprintf_cdnopuxX.XXeo) (__Puttxt)
c:/program files (x86)/microchip/xc16/v1.35/bin/bin/../../lib\liblega-c-elf.a(xvacopy.XX_eo)
                              c:/program files (x86)/microchip/xc16/v1.35/bin/bin/../../lib\liblega-c-elf.a(xprintf_cdnopuxX.XXeo) (__Vacopy)
c:/program files (x86)/microchip/xc16/v1.35/bin/bin/../../lib\libm-elf.a(divsi3.eo)
                              c:/program files (x86)/microchip/xc16/v1.35/bin/bin/../../lib\liblega-c-elf.a(xlitob.XX_eo) (___divsi3)
c:/program files (x86)/microchip/xc16/v1.35/bin/bin/../../lib\libm-elf.a(udivsi3.eo)
                              c:/program files (x86)/microchip/xc16/v1.35/bin/bin/../../lib\liblega-c-elf.a(xlitob.XX_eo) (___udivsi3)
c:/program files (x86)/microchip/xc16/v1.35/bin/bin/../../lib\libm-elf.a(umodsi3.eo)
                              c:/program files (x86)/microchip/xc16/v1.35/bin/bin/../../lib\liblega-c-elf.a(xlitob.XX_eo) (___umodsi3)
c:/program files (x86)/microchip/xc16/v1.35/bin/bin/../../lib\libm-elf.a(divmoddi3.eo)
                              c:/program files (x86)/microchip/xc16/v1.35/bin/bin/../../lib\liblega-c-elf.a(xlitob.XX_eo) (___udivdi3)


Selected CodeGuard Options:
  FGS:GWRP:OFF
  FGS:GCP:OFF
  FBS:BWRP:OFF
  FBS:BSS:OFF

CodeGuard FLASH Memory:
  boot    (none)
  secure  (none)
  general 0x200 to 0x2bfe

CodeGuard RAM Memory:
  general 0x800 to 0xdff
  secure  (none)
  boot    (none)

CodeGuard EEPROM Memory:
  general 0x7ffe00 to 0x7fffff
  secure  (none)
  boot    (none)


xc16-ld 1.35 (A)

"program" Memory  [Origin = 0x200, Length = 0x2a00]

section                    address   length (PC units)   length (bytes) (dec)
-------                    -------   -----------------   --------------------
.text                        0x200               0xe56          0x1581  (5505)
.const                      0x1056                0xd2           0x13b  (315)
.text                       0x1128               0x7ba           0xb97  (2967)
.dinit                      0x18e2                0x5a            0x87  (135)
.text                       0x193c                0x24            0x36  (54)

                 Total "program" memory used (bytes):         0x2310  (8976) 55%


"data" Memory  [Origin = 0x800, Length = 0x600]

section                    address      alignment gaps    total length  (dec)
-------                    -------      --------------    -------------------
.nbss                        0x800                   0            0x14  (20)
.ndata                       0x814                   0             0x4  (4)
.nbss                        0x818                   0             0x4  (4)
.data                        0x81c                   0            0x3c  (60)

                 Total "data" memory used (bytes):           0x58  (88) 5%


Dynamic Memory Usage

region                     address                      maximum length  (dec)
------                     -------                      ---------------------
heap                             0                                   0  (0)
stack                        0x858                               0x5a8  (1448)

                 Maximum dynamic memory (bytes):          0x5a8  (1448)


External Symbols in Data Memory (by address):

                    0x0800                  _num
                    0x080a                  _CNflagPtr_Divider
                    0x080c                  _zeroCrossings
                    0x080e                  _temp
                    0x0810                  _i
                    0x0812                  _CNflag
                    0x0814                  _frequencyDivider
                    0x0815                  _frequencyDividerMax
                    0x0816                  _NN
                    0x0818                  _clkval
                    0x081a                  _CN_flag

External Symbols in Data Memory (by name):

                    0x081a                  _CN_flag
                    0x0812                  _CNflag
                    0x080a                  _CNflagPtr_Divider
                    0x0816                  _NN
                    0x0818                  _clkval
                    0x0814                  _frequencyDivider
                    0x0815                  _frequencyDividerMax
                    0x0810                  _i
                    0x0800                  _num
                    0x080e                  _temp
                    0x080c                  _zeroCrossings

External Symbols in Program Memory (by address):

                  0x000200                  __resetPRI
                  0x00023c                  __psv_init
                  0x000252                  __data_init
                  0x000252                  __data_init_standard
                  0x0002cc                  __U2RXInterrupt
                  0x0002d4                  __U2TXInterrupt
                  0x0002dc                  __T2Interrupt
                  0x0002e6                  __T3Interrupt
                  0x0002f0                  __CNInterrupt
                  0x000336                  __CompInterrupt
                  0x00035a                  __DefaultInterrupt
                  0x000360                  ___subsf3
                  0x000362                  ___addsf3
                  0x00041c                  ___divsf3
                  0x0004a0                  ___lesf2
                  0x0004a0                  ___eqsf2
                  0x0004a0                  ___ltsf2
                  0x0004a4                  ___gesf2
                  0x0004a4                  ___gtsf2
                  0x0004a8                  ___floatunsisf
                  0x0004ac                  __fpack
                  0x0004f8                  __funpack2
                  0x000508                  __fPropagateNaN
                  0x00051a                  __fbopExit
                  0x000522                  __fbopReturnNaN
                  0x000528                  ___mulsf3
                  0x000590                  __fcompare
                  0x0005c6                  ___floatundisf
                  0x000624                  __funpack
                  0x00064e                  _strlen
                  0x00065a                  sprintf_cdnopuxX.XXeo:_prout
                  0x000668                  __sprintf_cdnopuxX
                  0x000686                  ___Printf_cdnopuxX
                  0x0007ea                  ___Putfld_cdnopuxX
                  0x000a0e                  _memcpy
                  0x000a1c                  _strchr
                  0x000a34                  __Litob
                  0x000c92                  __Puttxt
                  0x000e0a                  __Vacopy
                  0x000e0e                  ___divsi3
                  0x000e2c                  ___udivsi3
                  0x000e4c                  ___umodsi3
                  0x000e9e                  ___udivmoddi3
                  0x000f84                  ___udivdi3
                  0x000f92                  ___umoddi3
                  0x000f9a                  ___divdi3
                  0x000ffa                  ___moddi3
                  0x001128                  _PrintStatusOnChange
                  0x001174                  _SwitchOnZeroCrossings
                  0x0011b6                  _CM_init
                  0x0011e8                  _Final_Exam_CM_init
                  0x00123a                  _CVREFinit
                  0x001486                  _Divider_Init
                  0x001492                  _CN_check_Divider
                  0x00152c                  _InitUART2
                  0x001594                  _XmitUART2
                  0x0015d0                  _Disp2Hex
                  0x00162e                  _Disp2Hex32
                  0x00169c                  _Disp2Dec
                  0x0016b4                  _Disp2String
                  0x0016d6                  _Init_Timer_16bit
                  0x0016ec                  _Init_Timer_32bit
                  0x001704                  _delay_ms
                  0x001722                  _delay_us
                  0x001748                  _delay_us_32
                  0x0017d8                  _CN_check
                  0x00182a                  _CN_init
                  0x00184e                  _CN_init_for_Rx
                  0x00186e                  _NewClk
                  0x00193c                  _main
                  0xf80000                  __FBS.sec
                  0xf80004                  __FGS.sec

External Symbols in Program Memory (by name):

                  0x0011b6                  _CM_init
                  0x0017d8                  _CN_check
                  0x001492                  _CN_check_Divider
                  0x00182a                  _CN_init
                  0x00184e                  _CN_init_for_Rx
                  0x00123a                  _CVREFinit
                  0x00169c                  _Disp2Dec
                  0x0015d0                  _Disp2Hex
                  0x00162e                  _Disp2Hex32
                  0x0016b4                  _Disp2String
                  0x001486                  _Divider_Init
                  0x0011e8                  _Final_Exam_CM_init
                  0x00152c                  _InitUART2
                  0x0016d6                  _Init_Timer_16bit
                  0x0016ec                  _Init_Timer_32bit
                  0x00186e                  _NewClk
                  0x001128                  _PrintStatusOnChange
                  0x001174                  _SwitchOnZeroCrossings
                  0x001594                  _XmitUART2
                  0x0002f0                  __CNInterrupt
                  0x000336                  __CompInterrupt
                  0x00035a                  __DefaultInterrupt
                  0xf80000                  __FBS.sec
                  0xf80004                  __FGS.sec
                  0x000a34                  __Litob
                  0x000c92                  __Puttxt
                  0x0002dc                  __T2Interrupt
                  0x0002e6                  __T3Interrupt
                  0x0002cc                  __U2RXInterrupt
                  0x0002d4                  __U2TXInterrupt
                  0x000e0a                  __Vacopy
                  0x000686                  ___Printf_cdnopuxX
                  0x0007ea                  ___Putfld_cdnopuxX
                  0x000362                  ___addsf3
                  0x000f9a                  ___divdi3
                  0x00041c                  ___divsf3
                  0x000e0e                  ___divsi3
                  0x0004a0                  ___eqsf2
                  0x0005c6                  ___floatundisf
                  0x0004a8                  ___floatunsisf
                  0x0004a4                  ___gesf2
                  0x0004a4                  ___gtsf2
                  0x0004a0                  ___lesf2
                  0x0004a0                  ___ltsf2
                  0x000ffa                  ___moddi3
                  0x000528                  ___mulsf3
                  0x000360                  ___subsf3
                  0x000f84                  ___udivdi3
                  0x000e9e                  ___udivmoddi3
                  0x000e2c                  ___udivsi3
                  0x000f92                  ___umoddi3
                  0x000e4c                  ___umodsi3
                  0x000252                  __data_init
                  0x000252                  __data_init_standard
                  0x000508                  __fPropagateNaN
                  0x00051a                  __fbopExit
                  0x000522                  __fbopReturnNaN
                  0x000590                  __fcompare
                  0x0004ac                  __fpack
                  0x000624                  __funpack
                  0x0004f8                  __funpack2
                  0x00023c                  __psv_init
                  0x000200                  __resetPRI
                  0x000668                  __sprintf_cdnopuxX
                  0x001704                  _delay_ms
                  0x001722                  _delay_us
                  0x001748                  _delay_us_32
                  0x00193c                  _main
                  0x000a0e                  _memcpy
                  0x000a1c                  _strchr
                  0x00064e                  _strlen
                  0x00065a                  sprintf_cdnopuxX.XXeo:_prout

Memory Configuration

Name             Origin             Length             Attributes
data             0x000800           0x000600           a !xr
reset            0x000000           0x000004  
ivt              0x000004           0x0000fc  
_reserved        0x000100           0x000004  
aivt             0x000104           0x0000fc  
program          0x000200           0x002a00           xr
eedata           0x7ffe00           0x000200  
FBS              0xf80000           0x000002  
FGS              0xf80004           0x000002  
FOSCSEL          0xf80006           0x000002  
FOSC             0xf80008           0x000002  
FWDT             0xf8000a           0x000002  
FPOR             0xf8000c           0x000002  
FICD             0xf8000e           0x000002  
FDS              0xf80010           0x000002  
*default*        0x000000           0xffffffff  

Linker script and memory map

LOAD build/default/production/main.o
LOAD build/default/production/ChangeClk.o
LOAD build/default/production/_ext/212041334/UART2.o
LOAD build/default/production/_ext/212041334/timer.o
LOAD build/default/production/_ext/212041334/IO.o
LOAD build/default/production/_ext/212041334/Comparator.o
                    0x0001                  __MPLAB_BUILD = 0x1
LOAD pPIC24Fxxx
LOAD c:/program files (x86)/microchip/xc16/v1.35/bin/bin/../../lib\libfx-elf.a
                    0xf80000                  __FBS = 0xf80000
                    0xf80004                  __FGS = 0xf80004
                    0xf80006                  __FOSCSEL = 0xf80006
                    0xf80008                  __FOSC = 0xf80008
                    0xf8000a                  __FWDT = 0xf8000a
                    0xf8000c                  __FPOR = 0xf8000c
                    0xf8000e                  __FICD = 0xf8000e
                    0xf80010                  __FDS = 0xf80010
                    0x0001                  __NO_HANDLES = 0x1
                    0x0200                  __CODE_BASE = 0x200
                    0x2a00                  __CODE_LENGTH = 0x2a00
                    0x0004                  __IVT_BASE = 0x4
                    0x0104                  __AIVT_BASE = 0x104
                    0x0800                  __DATA_BASE = 0x800
                    0x0600                  __DATA_LENGTH = 0x600

.reset            0x000000          0x4
                  0x000000          0x2 SHORT 0x200 ABSOLUTE (__reset)
                  0x000001          0x2 SHORT 0x4
                  0x000002          0x2 SHORT 0x0 ((ABSOLUTE (__reset) >> 0x10) & 0x7f)
                  0x000003          0x2 SHORT 0x0

.text             0x000200        0xe56
 *(.init)
 .init            0x000200         0x4c c:/program files (x86)/microchip/xc16/v1.35/bin/bin/../../lib\liblega-pic30-elf.a(crt0_standard.o)
                  0x000200                  __resetPRI
                  0x000200                  __reset
                  0x00023c                  __psv_init
 .init            0x00024c         0x7c c:/program files (x86)/microchip/xc16/v1.35/bin/bin/../../lib\liblega-pic30-elf.a(data_init_standard.o)
                  0x000252                  __data_init_standard
                  0x000252                  __data_init
 *(.user_init)
 *(.handle)
 *(.isr*)
 .isr.text        0x0002cc         0x10 build/default/production/_ext/212041334/UART2.o
                  0x0002cc                  __U2RXInterrupt
                  0x0002d4                  __U2TXInterrupt
 .isr.text        0x0002dc         0x14 build/default/production/_ext/212041334/timer.o
                  0x0002dc                  __T2Interrupt
                  0x0002e6                  __T3Interrupt
 .isr.text        0x0002f0         0x46 build/default/production/_ext/212041334/IO.o
                  0x0002f0                  __CNInterrupt
 .isr.text        0x000336         0x24 build/default/production/_ext/212041334/Comparator.o
                  0x000336                  __CompInterrupt
 .isr             0x00035a          0x4 default_isr
                  0x00035a                  __DefaultInterrupt
 *(.libc)
 *(.libm)
 *(.libdsp)
 *(.lib*)
 .libpic30_crt_start_mode
                  0x00035e          0x2 c:/program files (x86)/microchip/xc16/v1.35/bin/bin/../../lib\liblega-pic30-elf.a(crt_start_mode_normal.Leo)
                  0x00035e                  __crt_start_mode
                  0x00035e                  __crt_start_mode_normal
 .libm.subsf3     0x000360         0xbc c:/program files (x86)/microchip/xc16/v1.35/bin/bin/../../lib\libm-elf.a(addsf3.eo)
                  0x000360                  ___subsf3
                  0x000362                  ___addsf3
 .libm.divfs3     0x00041c         0x84 c:/program files (x86)/microchip/xc16/v1.35/bin/bin/../../lib\libm-elf.a(divsf3.eo)
                  0x00041c                  ___divsf3
 .libm.eqsf2      0x0004a0          0x4 c:/program files (x86)/microchip/xc16/v1.35/bin/bin/../../lib\libm-elf.a(feqltle.eo)
                  0x0004a0                  ___eqsf2
                  0x0004a0                  ___ltsf2
                  0x0004a0                  ___lesf2
 .libm.gtsf2      0x0004a4          0x4 c:/program files (x86)/microchip/xc16/v1.35/bin/bin/../../lib\libm-elf.a(fgtge.eo)
                  0x0004a4                  ___gesf2
                  0x0004a4                  ___gtsf2
 .libm.floatunsisf
                  0x0004a8          0x4 c:/program files (x86)/microchip/xc16/v1.35/bin/bin/../../lib\libm-elf.a(floatunsisf.eo)
                  0x0004a8                  ___floatunsisf
 .libm.fpack      0x0004ac         0x4c c:/program files (x86)/microchip/xc16/v1.35/bin/bin/../../lib\libm-elf.a(fpack.eo)
                  0x0004ac                  __fpack
 .libm.funpack2
                  0x0004f8         0x10 c:/program files (x86)/microchip/xc16/v1.35/bin/bin/../../lib\libm-elf.a(funpack2.eo)
                  0x0004f8                  __funpack2
 .libm.fPropagateNaN
                  0x000508         0x12 c:/program files (x86)/microchip/xc16/v1.35/bin/bin/../../lib\libm-elf.a(futil.eo)
                  0x000508                  __fPropagateNaN
 .libm.fbobExit
                  0x00051a          0x8 c:/program files (x86)/microchip/xc16/v1.35/bin/bin/../../lib\libm-elf.a(futil.eo)
                  0x00051a                  __fbopExit
 .libm.fbopReturnNaN
                  0x000522          0x6 c:/program files (x86)/microchip/xc16/v1.35/bin/bin/../../lib\libm-elf.a(futil.eo)
                  0x000522                  __fbopReturnNaN
 .libm.mulsf3     0x000528         0x68 c:/program files (x86)/microchip/xc16/v1.35/bin/bin/../../lib\libm-elf.a(mulsf3.eo)
                  0x000528                  ___mulsf3
 .libm.fcompare
                  0x000590         0x36 c:/program files (x86)/microchip/xc16/v1.35/bin/bin/../../lib\libm-elf.a(fcompare.eo)
                  0x000590                  __fcompare
 .libm.floatundisf
                  0x0005c6         0x5e c:/program files (x86)/microchip/xc16/v1.35/bin/bin/../../lib\libm-elf.a(floatundisf.eo)
                  0x0005c6                  ___floatundisf
 .libm.funpack    0x000624         0x2a c:/program files (x86)/microchip/xc16/v1.35/bin/bin/../../lib\libm-elf.a(funpack.eo)
                  0x000624                  __funpack
 .libc.strlen     0x00064e          0xc c:/program files (x86)/microchip/xc16/v1.35/bin/bin/../../lib\liblega-c-elf.a(strlen.XX_eo)
                  0x00064e                  _strlen
 .libc.prout      0x00065a          0xe c:/program files (x86)/microchip/xc16/v1.35/bin/bin/../../lib\liblega-c-elf.a(sprintf_cdnopuxX.XXeo)
                  0x00065a                  sprintf_cdnopuxX.XXeo:_prout
 .libc._sprintf_cdnopuxX
                  0x000668         0x1e c:/program files (x86)/microchip/xc16/v1.35/bin/bin/../../lib\liblega-c-elf.a(sprintf_cdnopuxX.XXeo)
                  0x000668                  __sprintf_cdnopuxX
 .libc.__Printf_cdnopuxX
                  0x000686        0x164 c:/program files (x86)/microchip/xc16/v1.35/bin/bin/../../lib\liblega-c-elf.a(xprintf_cdnopuxX.XXeo)
                  0x000686                  ___Printf_cdnopuxX
 .libc.__Putfld_cdnopuxX
                  0x0007ea        0x224 c:/program files (x86)/microchip/xc16/v1.35/bin/bin/../../lib\liblega-c-elf.a(xputfld_cdnopuxX.XXeo)
                  0x0007ea                  ___Putfld_cdnopuxX
 .libc.memcpy     0x000a0e          0xe c:/program files (x86)/microchip/xc16/v1.35/bin/bin/../../lib\liblega-c-elf.a(memcpy.XX_eo)
                  0x000a0e                  _memcpy
 .libc.strchr     0x000a1c         0x18 c:/program files (x86)/microchip/xc16/v1.35/bin/bin/../../lib\liblega-c-elf.a(strchr.XX_eo)
                  0x000a1c                  _strchr
 .libc._Litob     0x000a34        0x25e c:/program files (x86)/microchip/xc16/v1.35/bin/bin/../../lib\liblega-c-elf.a(xlitob.XX_eo)
                  0x000a34                  __Litob
 .libc._Puttxt    0x000c92        0x178 c:/program files (x86)/microchip/xc16/v1.35/bin/bin/../../lib\liblega-c-elf.a(xputtxt.XX_eo)
                  0x000c92                  __Puttxt
 .libc._Vacopy    0x000e0a          0x4 c:/program files (x86)/microchip/xc16/v1.35/bin/bin/../../lib\liblega-c-elf.a(xvacopy.XX_eo)
                  0x000e0a                  __Vacopy
 .libm.divsi3     0x000e0e         0x1e c:/program files (x86)/microchip/xc16/v1.35/bin/bin/../../lib\libm-elf.a(divsi3.eo)
                  0x000e0e                  ___divsi3
 .libm.udivsi3    0x000e2c         0x20 c:/program files (x86)/microchip/xc16/v1.35/bin/bin/../../lib\libm-elf.a(udivsi3.eo)
                  0x000e2c                  ___udivsi3
 .libm.umodsi3    0x000e4c          0x6 c:/program files (x86)/microchip/xc16/v1.35/bin/bin/../../lib\libm-elf.a(umodsi3.eo)
                  0x000e4c                  ___umodsi3
 .libm.__PplusBdi
                  0x000e52         0x26 c:/program files (x86)/microchip/xc16/v1.35/bin/bin/../../lib\libm-elf.a(divmoddi3.eo)
 .libm.__PminusBdi
                  0x000e78         0x26 c:/program files (x86)/microchip/xc16/v1.35/bin/bin/../../lib\libm-elf.a(divmoddi3.eo)
 .libm.__udivmoddi3
                  0x000e9e         0xe6 c:/program files (x86)/microchip/xc16/v1.35/bin/bin/../../lib\libm-elf.a(divmoddi3.eo)
                  0x000e9e                  ___udivmoddi3
 .libm.__udivdi3
                  0x000f84          0xe c:/program files (x86)/microchip/xc16/v1.35/bin/bin/../../lib\libm-elf.a(divmoddi3.eo)
                  0x000f84                  ___udivdi3
 .libm.__umoddi3
                  0x000f92          0x8 c:/program files (x86)/microchip/xc16/v1.35/bin/bin/../../lib\libm-elf.a(divmoddi3.eo)
                  0x000f92                  ___umoddi3
 .libm.__divdi3
                  0x000f9a         0x60 c:/program files (x86)/microchip/xc16/v1.35/bin/bin/../../lib\libm-elf.a(divmoddi3.eo)
                  0x000f9a                  ___divdi3
 .libm.__moddi3
                  0x000ffa         0x5c c:/program files (x86)/microchip/xc16/v1.35/bin/bin/../../lib\libm-elf.a(divmoddi3.eo)
                  0x000ffa                  ___moddi3

usercode
 *(usercode)

__FBS             0xf80000          0x2
 *(__FBS.sec*)
 __FBS.sec        0xf80000          0x2 /CW/_FBSËç–
                  0xf80000                  __FBS.sec

__FGS             0xf80004          0x2
 *(__FGS.sec*)
 __FGS.sec        0xf80004          0x2 /CW/_FGS‡}–
                  0xf80004                  __FGS.sec

__FOSCSEL
 *(__FOSCSEL.sec*)

__FOSC
 *(__FOSC.sec*)

__FWDT
 *(__FWDT.sec*)

__FPOR
 *(__FPOR.sec*)

__FICD
 *(__FICD.sec*)

__FDS
 *(__FDS.sec*)

.comment
 *(.comment)

.debug_info       0x000000       0x4086
 *(.debug_info)
 .debug_info      0x000000        0x4cb build/default/production/main.o
 .debug_info      0x0004cb        0x52a build/default/production/ChangeClk.o
 .debug_info      0x0009f5        0xe0d build/default/production/_ext/212041334/UART2.o
 .debug_info      0x001802        0x997 build/default/production/_ext/212041334/timer.o
 .debug_info      0x002199        0xca3 build/default/production/_ext/212041334/IO.o
 .debug_info      0x002e3c       0x124a build/default/production/_ext/212041334/Comparator.o
 *(.gnu.linkonce.wi.*)

.debug_abbrev     0x000000        0x6f8
 *(.debug_abbrev)
 .debug_abbrev    0x000000         0xc7 build/default/production/main.o
 .debug_abbrev    0x0000c7        0x123 build/default/production/ChangeClk.o
 .debug_abbrev    0x0001ea        0x121 build/default/production/_ext/212041334/UART2.o
 .debug_abbrev    0x00030b        0x10b build/default/production/_ext/212041334/timer.o
 .debug_abbrev    0x000416        0x138 build/default/production/_ext/212041334/IO.o
 .debug_abbrev    0x00054e        0x1aa build/default/production/_ext/212041334/Comparator.o

.debug_line       0x000000        0x795
 *(.debug_line)
 .debug_line      0x000000         0xf3 build/default/production/main.o
 .debug_line      0x0000f3         0xf6 build/default/production/ChangeClk.o
 .debug_line      0x0001e9        0x16a build/default/production/_ext/212041334/UART2.o
 .debug_line      0x000353        0x149 build/default/production/_ext/212041334/timer.o
 .debug_line      0x00049c        0x12c build/default/production/_ext/212041334/IO.o
 .debug_line      0x0005c8        0x1cd build/default/production/_ext/212041334/Comparator.o

.debug_frame      0x000000        0x47e
 *(.debug_frame)
 .debug_frame     0x000000         0x30 build/default/production/main.o
 .debug_frame     0x000030         0x30 build/default/production/ChangeClk.o
 .debug_frame     0x000060         0xf4 build/default/production/_ext/212041334/UART2.o
 .debug_frame     0x000154         0xd8 build/default/production/_ext/212041334/timer.o
 .debug_frame     0x00022c         0xa8 build/default/production/_ext/212041334/IO.o
 .debug_frame     0x0002d4        0x1aa build/default/production/_ext/212041334/Comparator.o

.debug_str        0x000000        0x1d7
 *(.debug_str)
 .debug_str       0x000000         0x21 build/default/production/main.o
 .debug_str       0x000021         0x16 build/default/production/ChangeClk.o
 .debug_str       0x000037         0x57 build/default/production/_ext/212041334/UART2.o
 .debug_str       0x00008e         0x38 build/default/production/_ext/212041334/timer.o
 .debug_str       0x0000c6         0x57 build/default/production/_ext/212041334/IO.o
 .debug_str       0x00011d         0xba build/default/production/_ext/212041334/Comparator.o

.debug_loc
 *(.debug_loc)

.debug_macinfo
 *(.debug_macinfo)

.debug_pubnames
                  0x000000        0x2df
 *(.debug_pubnames)
 .debug_pubnames
                  0x000000         0x35 build/default/production/main.o
 .debug_pubnames
                  0x000035         0x1d build/default/production/ChangeClk.o
 .debug_pubnames
                  0x000052         0x98 build/default/production/_ext/212041334/UART2.o
 .debug_pubnames
                  0x0000ea         0x88 build/default/production/_ext/212041334/timer.o
 .debug_pubnames
                  0x000172         0x5b build/default/production/_ext/212041334/IO.o
 .debug_pubnames
                  0x0001cd        0x112 build/default/production/_ext/212041334/Comparator.o

.debug_ranges
 *(.debug_ranges)

.debug_aranges    0x000000         0x90
 *(.debug_aranges)
 .debug_aranges
                  0x000000         0x18 build/default/production/main.o
 .debug_aranges
                  0x000018         0x18 build/default/production/ChangeClk.o
 .debug_aranges
                  0x000030         0x18 build/default/production/_ext/212041334/UART2.o
 .debug_aranges
                  0x000048         0x18 build/default/production/_ext/212041334/timer.o
 .debug_aranges
                  0x000060         0x18 build/default/production/_ext/212041334/IO.o
 .debug_aranges
                  0x000078         0x18 build/default/production/_ext/212041334/Comparator.o
                    0x0000                  WREG0 = 0x0
                    0x0000                  _WREG0 = 0x0
                    0x0002                  WREG1 = 0x2
                    0x0002                  _WREG1 = 0x2
                    0x0004                  WREG2 = 0x4
                    0x0004                  _WREG2 = 0x4
                    0x0006                  WREG3 = 0x6
                    0x0006                  _WREG3 = 0x6
                    0x0008                  WREG4 = 0x8
                    0x0008                  _WREG4 = 0x8
                    0x000a                  WREG5 = 0xa
                    0x000a                  _WREG5 = 0xa
                    0x000c                  WREG6 = 0xc
                    0x000c                  _WREG6 = 0xc
                    0x000e                  WREG7 = 0xe
                    0x000e                  _WREG7 = 0xe
                    0x0010                  WREG8 = 0x10
                    0x0010                  _WREG8 = 0x10
                    0x0012                  WREG9 = 0x12
                    0x0012                  _WREG9 = 0x12
                    0x0014                  WREG10 = 0x14
                    0x0014                  _WREG10 = 0x14
                    0x0016                  WREG11 = 0x16
                    0x0016                  _WREG11 = 0x16
                    0x0018                  WREG12 = 0x18
                    0x0018                  _WREG12 = 0x18
                    0x001a                  WREG13 = 0x1a
                    0x001a                  _WREG13 = 0x1a
                    0x001c                  WREG14 = 0x1c
                    0x001c                  _WREG14 = 0x1c
                    0x001e                  WREG15 = 0x1e
                    0x001e                  _WREG15 = 0x1e
                    0x0020                  SPLIM = 0x20
                    0x0020                  _SPLIM = 0x20
                    0x002e                  PCL = 0x2e
                    0x002e                  _PCL = 0x2e
                    0x0030                  PCH = 0x30
                    0x0030                  _PCH = 0x30
                    0x0032                  TBLPAG = 0x32
                    0x0032                  _TBLPAG = 0x32
                    0x0034                  PSVPAG = 0x34
                    0x0034                  _PSVPAG = 0x34
                    0x0036                  RCOUNT = 0x36
                    0x0036                  _RCOUNT = 0x36
                    0x0042                  SR = 0x42
                    0x0042                  _SR = 0x42
                    0x0042                  _SRbits = 0x42
                    0x0044                  CORCON = 0x44
                    0x0044                  _CORCON = 0x44
                    0x0044                  _CORCONbits = 0x44
                    0x0052                  DISICNT = 0x52
                    0x0052                  _DISICNT = 0x52
                    0x0060                  CNEN1 = 0x60
                    0x0060                  _CNEN1 = 0x60
                    0x0060                  _CNEN1bits = 0x60
                    0x0062                  CNEN2 = 0x62
                    0x0062                  _CNEN2 = 0x62
                    0x0062                  _CNEN2bits = 0x62
                    0x0068                  CNPU1 = 0x68
                    0x0068                  _CNPU1 = 0x68
                    0x0068                  _CNPU1bits = 0x68
                    0x006a                  CNPU2 = 0x6a
                    0x006a                  _CNPU2 = 0x6a
                    0x006a                  _CNPU2bits = 0x6a
                    0x0070                  CNPD1 = 0x70
                    0x0070                  _CNPD1 = 0x70
                    0x0070                  _CNPD1bits = 0x70
                    0x0072                  CNPD2 = 0x72
                    0x0072                  _CNPD2 = 0x72
                    0x0072                  _CNPD2bits = 0x72
                    0x0080                  INTCON1 = 0x80
                    0x0080                  _INTCON1 = 0x80
                    0x0080                  _INTCON1bits = 0x80
                    0x0082                  INTCON2 = 0x82
                    0x0082                  _INTCON2 = 0x82
                    0x0082                  _INTCON2bits = 0x82
                    0x0084                  IFS0 = 0x84
                    0x0084                  _IFS0 = 0x84
                    0x0084                  _IFS0bits = 0x84
                    0x0086                  IFS1 = 0x86
                    0x0086                  _IFS1 = 0x86
                    0x0086                  _IFS1bits = 0x86
                    0x008a                  IFS3 = 0x8a
                    0x008a                  _IFS3 = 0x8a
                    0x008a                  _IFS3bits = 0x8a
                    0x008c                  IFS4 = 0x8c
                    0x008c                  _IFS4 = 0x8c
                    0x008c                  _IFS4bits = 0x8c
                    0x0094                  IEC0 = 0x94
                    0x0094                  _IEC0 = 0x94
                    0x0094                  _IEC0bits = 0x94
                    0x0096                  IEC1 = 0x96
                    0x0096                  _IEC1 = 0x96
                    0x0096                  _IEC1bits = 0x96
                    0x009a                  IEC3 = 0x9a
                    0x009a                  _IEC3 = 0x9a
                    0x009a                  _IEC3bits = 0x9a
                    0x009c                  IEC4 = 0x9c
                    0x009c                  _IEC4 = 0x9c
                    0x009c                  _IEC4bits = 0x9c
                    0x00a4                  IPC0 = 0xa4
                    0x00a4                  _IPC0 = 0xa4
                    0x00a4                  _IPC0bits = 0xa4
                    0x00a6                  IPC1 = 0xa6
                    0x00a6                  _IPC1 = 0xa6
                    0x00a6                  _IPC1bits = 0xa6
                    0x00a8                  IPC2 = 0xa8
                    0x00a8                  _IPC2 = 0xa8
                    0x00a8                  _IPC2bits = 0xa8
                    0x00aa                  IPC3 = 0xaa
                    0x00aa                  _IPC3 = 0xaa
                    0x00aa                  _IPC3bits = 0xaa
                    0x00ac                  IPC4 = 0xac
                    0x00ac                  _IPC4 = 0xac
                    0x00ac                  _IPC4bits = 0xac
                    0x00ae                  IPC5 = 0xae
                    0x00ae                  _IPC5 = 0xae
                    0x00ae                  _IPC5bits = 0xae
                    0x00b2                  IPC7 = 0xb2
                    0x00b2                  _IPC7 = 0xb2
                    0x00b2                  _IPC7bits = 0xb2
                    0x00c2                  IPC15 = 0xc2
                    0x00c2                  _IPC15 = 0xc2
                    0x00c2                  _IPC15bits = 0xc2
                    0x00c4                  IPC16 = 0xc4
                    0x00c4                  _IPC16 = 0xc4
                    0x00c4                  _IPC16bits = 0xc4
                    0x00c8                  IPC18 = 0xc8
                    0x00c8                  _IPC18 = 0xc8
                    0x00c8                  _IPC18bits = 0xc8
                    0x00ca                  IPC19 = 0xca
                    0x00ca                  _IPC19 = 0xca
                    0x00ca                  _IPC19bits = 0xca
                    0x00e0                  INTTREG = 0xe0
                    0x00e0                  _INTTREG = 0xe0
                    0x00e0                  _INTTREGbits = 0xe0
                    0x0100                  TMR1 = 0x100
                    0x0100                  _TMR1 = 0x100
                    0x0102                  PR1 = 0x102
                    0x0102                  _PR1 = 0x102
                    0x0104                  T1CON = 0x104
                    0x0104                  _T1CON = 0x104
                    0x0104                  _T1CONbits = 0x104
                    0x0106                  TMR2 = 0x106
                    0x0106                  _TMR2 = 0x106
                    0x0108                  TMR3HLD = 0x108
                    0x0108                  _TMR3HLD = 0x108
                    0x010a                  TMR3 = 0x10a
                    0x010a                  _TMR3 = 0x10a
                    0x010c                  PR2 = 0x10c
                    0x010c                  _PR2 = 0x10c
                    0x010e                  PR3 = 0x10e
                    0x010e                  _PR3 = 0x10e
                    0x0110                  T2CON = 0x110
                    0x0110                  _T2CON = 0x110
                    0x0110                  _T2CONbits = 0x110
                    0x0112                  T3CON = 0x112
                    0x0112                  _T3CON = 0x112
                    0x0112                  _T3CONbits = 0x112
                    0x0140                  IC1BUF = 0x140
                    0x0140                  _IC1BUF = 0x140
                    0x0142                  IC1CON = 0x142
                    0x0142                  _IC1CON = 0x142
                    0x0142                  _IC1CONbits = 0x142
                    0x0180                  OC1RS = 0x180
                    0x0180                  _OC1RS = 0x180
                    0x0182                  OC1R = 0x182
                    0x0182                  _OC1R = 0x182
                    0x0184                  OC1CON = 0x184
                    0x0184                  _OC1CON = 0x184
                    0x0184                  _OC1CONbits = 0x184
                    0x0200                  I2C1RCV = 0x200
                    0x0200                  _I2C1RCV = 0x200
                    0x0202                  I2C1TRN = 0x202
                    0x0202                  _I2C1TRN = 0x202
                    0x0204                  I2C1BRG = 0x204
                    0x0204                  _I2C1BRG = 0x204
                    0x0206                  I2C1CON = 0x206
                    0x0206                  _I2C1CON = 0x206
                    0x0206                  _I2C1CONbits = 0x206
                    0x0208                  I2C1STAT = 0x208
                    0x0208                  _I2C1STAT = 0x208
                    0x0208                  _I2C1STATbits = 0x208
                    0x020a                  I2C1ADD = 0x20a
                    0x020a                  _I2C1ADD = 0x20a
                    0x020c                  I2C1MSK = 0x20c
                    0x020c                  _I2C1MSK = 0x20c
                    0x020c                  _I2C1MSKbits = 0x20c
                    0x0220                  U1MODE = 0x220
                    0x0220                  _U1MODE = 0x220
                    0x0220                  _U1MODEbits = 0x220
                    0x0222                  U1STA = 0x222
                    0x0222                  _U1STA = 0x222
                    0x0222                  _U1STAbits = 0x222
                    0x0224                  U1TXREG = 0x224
                    0x0224                  _U1TXREG = 0x224
                    0x0226                  U1RXREG = 0x226
                    0x0226                  _U1RXREG = 0x226
                    0x0228                  U1BRG = 0x228
                    0x0228                  _U1BRG = 0x228
                    0x0230                  U2MODE = 0x230
                    0x0230                  _U2MODE = 0x230
                    0x0230                  _U2MODEbits = 0x230
                    0x0232                  U2STA = 0x232
                    0x0232                  _U2STA = 0x232
                    0x0232                  _U2STAbits = 0x232
                    0x0234                  U2TXREG = 0x234
                    0x0234                  _U2TXREG = 0x234
                    0x0236                  U2RXREG = 0x236
                    0x0236                  _U2RXREG = 0x236
                    0x0238                  U2BRG = 0x238
                    0x0238                  _U2BRG = 0x238
                    0x0240                  SPI1STAT = 0x240
                    0x0240                  _SPI1STAT = 0x240
                    0x0240                  _SPI1STATbits = 0x240
                    0x0242                  SPI1CON1 = 0x242
                    0x0242                  _SPI1CON1 = 0x242
                    0x0242                  _SPI1CON1bits = 0x242
                    0x0244                  SPI1CON2 = 0x244
                    0x0244                  _SPI1CON2 = 0x244
                    0x0244                  _SPI1CON2bits = 0x244
                    0x0248                  SPI1BUF = 0x248
                    0x0248                  _SPI1BUF = 0x248
                    0x02c0                  TRISA = 0x2c0
                    0x02c0                  _TRISA = 0x2c0
                    0x02c0                  _TRISAbits = 0x2c0
                    0x02c2                  PORTA = 0x2c2
                    0x02c2                  _PORTA = 0x2c2
                    0x02c2                  _PORTAbits = 0x2c2
                    0x02c4                  LATA = 0x2c4
                    0x02c4                  _LATA = 0x2c4
                    0x02c4                  _LATAbits = 0x2c4
                    0x02c6                  ODCA = 0x2c6
                    0x02c6                  _ODCA = 0x2c6
                    0x02c6                  _ODCAbits = 0x2c6
                    0x02c8                  TRISB = 0x2c8
                    0x02c8                  _TRISB = 0x2c8
                    0x02c8                  _TRISBbits = 0x2c8
                    0x02ca                  PORTB = 0x2ca
                    0x02ca                  _PORTB = 0x2ca
                    0x02ca                  _PORTBbits = 0x2ca
                    0x02cc                  LATB = 0x2cc
                    0x02cc                  _LATB = 0x2cc
                    0x02cc                  _LATBbits = 0x2cc
                    0x02ce                  ODCB = 0x2ce
                    0x02ce                  _ODCB = 0x2ce
                    0x02ce                  _ODCBbits = 0x2ce
                    0x02fc                  PADCFG1 = 0x2fc
                    0x02fc                  _PADCFG1 = 0x2fc
                    0x02fc                  _PADCFG1bits = 0x2fc
                    0x0300                  ADC1BUF0 = 0x300
                    0x0300                  _ADC1BUF0 = 0x300
                    0x0302                  ADC1BUF1 = 0x302
                    0x0302                  _ADC1BUF1 = 0x302
                    0x0304                  ADC1BUF2 = 0x304
                    0x0304                  _ADC1BUF2 = 0x304
                    0x0306                  ADC1BUF3 = 0x306
                    0x0306                  _ADC1BUF3 = 0x306
                    0x0308                  ADC1BUF4 = 0x308
                    0x0308                  _ADC1BUF4 = 0x308
                    0x030a                  ADC1BUF5 = 0x30a
                    0x030a                  _ADC1BUF5 = 0x30a
                    0x030c                  ADC1BUF6 = 0x30c
                    0x030c                  _ADC1BUF6 = 0x30c
                    0x030e                  ADC1BUF7 = 0x30e
                    0x030e                  _ADC1BUF7 = 0x30e
                    0x0310                  ADC1BUF8 = 0x310
                    0x0310                  _ADC1BUF8 = 0x310
                    0x0312                  ADC1BUF9 = 0x312
                    0x0312                  _ADC1BUF9 = 0x312
                    0x0314                  ADC1BUFA = 0x314
                    0x0314                  _ADC1BUFA = 0x314
                    0x0316                  ADC1BUFB = 0x316
                    0x0316                  _ADC1BUFB = 0x316
                    0x0318                  ADC1BUFC = 0x318
                    0x0318                  _ADC1BUFC = 0x318
                    0x031a                  ADC1BUFD = 0x31a
                    0x031a                  _ADC1BUFD = 0x31a
                    0x031c                  ADC1BUFE = 0x31c
                    0x031c                  _ADC1BUFE = 0x31c
                    0x031e                  ADC1BUFF = 0x31e
                    0x031e                  _ADC1BUFF = 0x31e
                    0x0320                  AD1CON1 = 0x320
                    0x0320                  _AD1CON1 = 0x320
                    0x0320                  _AD1CON1bits = 0x320
                    0x0322                  AD1CON2 = 0x322
                    0x0322                  _AD1CON2 = 0x322
                    0x0322                  _AD1CON2bits = 0x322
                    0x0324                  AD1CON3 = 0x324
                    0x0324                  _AD1CON3 = 0x324
                    0x0324                  _AD1CON3bits = 0x324
                    0x0328                  AD1CHS = 0x328
                    0x0328                  _AD1CHS = 0x328
                    0x0328                  _AD1CHSbits = 0x328
                    0x032c                  AD1PCFG = 0x32c
                    0x032c                  _AD1PCFG = 0x32c
                    0x032c                  _AD1PCFGbits = 0x32c
                    0x0330                  AD1CSSL = 0x330
                    0x0330                  _AD1CSSL = 0x330
                    0x0330                  _AD1CSSLbits = 0x330
                    0x033c                  CTMUCON = 0x33c
                    0x033c                  _CTMUCON = 0x33c
                    0x033c                  _CTMUCONbits = 0x33c
                    0x033e                  CTMUICON = 0x33e
                    0x033e                  _CTMUICON = 0x33e
                    0x033e                  _CTMUICONbits = 0x33e
                    0x0620                  ALRMVAL = 0x620
                    0x0620                  _ALRMVAL = 0x620
                    0x0622                  ALCFGRPT = 0x622
                    0x0622                  _ALCFGRPT = 0x622
                    0x0622                  _ALCFGRPTbits = 0x622
                    0x0624                  RTCVAL = 0x624
                    0x0624                  _RTCVAL = 0x624
                    0x0626                  RCFGCAL = 0x626
                    0x0626                  _RCFGCAL = 0x626
                    0x0626                  _RCFGCALbits = 0x626
                    0x0630                  CMSTAT = 0x630
                    0x0630                  _CMSTAT = 0x630
                    0x0630                  _CMSTATbits = 0x630
                    0x0632                  CVRCON = 0x632
                    0x0632                  _CVRCON = 0x632
                    0x0632                  _CVRCONbits = 0x632
                    0x0634                  CM1CON = 0x634
                    0x0634                  _CM1CON = 0x634
                    0x0634                  _CM1CONbits = 0x634
                    0x0636                  CM2CON = 0x636
                    0x0636                  _CM2CON = 0x636
                    0x0636                  _CM2CONbits = 0x636
                    0x0640                  CRCCON = 0x640
                    0x0640                  _CRCCON = 0x640
                    0x0640                  _CRCCONbits = 0x640
                    0x0642                  CRCXOR = 0x642
                    0x0642                  _CRCXOR = 0x642
                    0x0644                  CRCDAT = 0x644
                    0x0644                  _CRCDAT = 0x644
                    0x0646                  CRCWDAT = 0x646
                    0x0646                  _CRCWDAT = 0x646
                    0x0740                  RCON = 0x740
                    0x0740                  _RCON = 0x740
                    0x0740                  _RCONbits = 0x740
                    0x0742                  OSCCON = 0x742
                    0x0742                  _OSCCON = 0x742
                    0x0742                  _OSCCONbits = 0x742
                    0x0742                  OSCCONL = 0x742
                    0x0742                  _OSCCONL = 0x742
                    0x0743                  OSCCONH = 0x743
                    0x0743                  _OSCCONH = 0x743
                    0x0744                  CLKDIV = 0x744
                    0x0744                  _CLKDIV = 0x744
                    0x0744                  _CLKDIVbits = 0x744
                    0x0748                  OSCTUN = 0x748
                    0x0748                  _OSCTUN = 0x748
                    0x0748                  _OSCTUNbits = 0x748
                    0x074e                  REFOCON = 0x74e
                    0x074e                  _REFOCON = 0x74e
                    0x074e                  _REFOCONbits = 0x74e
                    0x0756                  HLVDCON = 0x756
                    0x0756                  _HLVDCON = 0x756
                    0x0756                  _HLVDCONbits = 0x756
                    0x0758                  DSCON = 0x758
                    0x0758                  _DSCON = 0x758
                    0x0758                  _DSCONbits = 0x758
                    0x075a                  DSWAKE = 0x75a
                    0x075a                  _DSWAKE = 0x75a
                    0x075a                  _DSWAKEbits = 0x75a
                    0x075a                  DSWSRC = 0x75a
                    0x075a                  _DSWSRC = 0x75a
                    0x075a                  _DSWSRCbits = 0x75a
                    0x075c                  DSGPR0 = 0x75c
                    0x075c                  _DSGPR0 = 0x75c
                    0x075e                  DSGPR1 = 0x75e
                    0x075e                  _DSGPR1 = 0x75e
                    0x0760                  NVMCON = 0x760
                    0x0760                  _NVMCON = 0x760
                    0x0760                  _NVMCONbits = 0x760
                    0x0766                  NVMKEY = 0x766
                    0x0766                  _NVMKEY = 0x766
                    0x0766                  _NVMKEYbits = 0x766
                    0x0770                  PMD1 = 0x770
                    0x0770                  _PMD1 = 0x770
                    0x0770                  _PMD1bits = 0x770
                    0x0772                  PMD2 = 0x772
                    0x0772                  _PMD2 = 0x772
                    0x0772                  _PMD2bits = 0x772
                    0x0774                  PMD3 = 0x774
                    0x0774                  _PMD3 = 0x774
                    0x0774                  _PMD3bits = 0x774
                    0x0776                  PMD4 = 0x776
                    0x0776                  _PMD4 = 0x776
                    0x0776                  _PMD4bits = 0x776
                    0x0140                  IC1 = 0x140
                    0x0140                  _IC1 = 0x140
                    0x0180                  OC1 = 0x180
                    0x0180                  _OC1 = 0x180
                    0x0240                  SPI1 = 0x240
                    0x0240                  _SPI1 = 0x240
                    0x0220                  UART1 = 0x220
                    0x0220                  _UART1 = 0x220
                    0x0230                  UART2 = 0x230
                    0x0230                  _UART2 = 0x230
START GROUP
LOAD c:/program files (x86)/microchip/xc16/v1.35/bin/bin/../../lib\liblega-pic30-elf.a
LOAD c:/program files (x86)/microchip/xc16/v1.35/bin/bin/../../lib\libm-elf.a
LOAD c:/program files (x86)/microchip/xc16/v1.35/bin/bin/../../lib\liblega-c-elf.a
END GROUP
OUTPUT(dist/default/production/test.X.production.elf elf32-pic30)
LOAD /CW/_FGS‡}–
LOAD /CW/_FBSËç–
LOAD jump_table
LOAD default_isr
LOAD data_init

.debug_pubtypes
                  0x000090        0x59b
 .debug_pubtypes
                  0x000090         0x82 build/default/production/main.o
 .debug_pubtypes
                  0x000112         0x7a build/default/production/ChangeClk.o
 .debug_pubtypes
                  0x00018c        0x113 build/default/production/_ext/212041334/UART2.o
 .debug_pubtypes
                  0x00029f         0xde build/default/production/_ext/212041334/timer.o
 .debug_pubtypes
                  0x00037d        0x130 build/default/production/_ext/212041334/IO.o
 .debug_pubtypes
                  0x0004ad        0x17e build/default/production/_ext/212041334/Comparator.o

__c30_signature
                  0x00062b         0xc6
 __c30_signature
                  0x00062b          0x6 build/default/production/main.o
 __c30_signature
                  0x000631          0x6 build/default/production/ChangeClk.o
 __c30_signature
                  0x000637          0x6 build/default/production/_ext/212041334/UART2.o
 __c30_signature
                  0x00063d          0x6 build/default/production/_ext/212041334/timer.o
 __c30_signature
                  0x000643          0x6 build/default/production/_ext/212041334/IO.o
 __c30_signature
                  0x000649          0x6 build/default/production/_ext/212041334/Comparator.o
 __c30_signature
                  0x00064f          0x6 c:/program files (x86)/microchip/xc16/v1.35/bin/bin/../../lib\liblega-pic30-elf.a(crt0_standard.o)
 __c30_signature
                  0x000655          0x6 c:/program files (x86)/microchip/xc16/v1.35/bin/bin/../../lib\liblega-pic30-elf.a(data_init_standard.o)
 __c30_signature
                  0x00065b          0x6 c:/program files (x86)/microchip/xc16/v1.35/bin/bin/../../lib\libm-elf.a(addsf3.eo)
 __c30_signature
                  0x000661          0x6 c:/program files (x86)/microchip/xc16/v1.35/bin/bin/../../lib\libm-elf.a(divsf3.eo)
 __c30_signature
                  0x000667          0x6 c:/program files (x86)/microchip/xc16/v1.35/bin/bin/../../lib\libm-elf.a(feqltle.eo)
 __c30_signature
                  0x00066d          0x6 c:/program files (x86)/microchip/xc16/v1.35/bin/bin/../../lib\libm-elf.a(fgtge.eo)
 __c30_signature
                  0x000673          0x6 c:/program files (x86)/microchip/xc16/v1.35/bin/bin/../../lib\libm-elf.a(floatunsisf.eo)
 __c30_signature
                  0x000679          0x6 c:/program files (x86)/microchip/xc16/v1.35/bin/bin/../../lib\libm-elf.a(fpack.eo)
 __c30_signature
                  0x00067f          0x6 c:/program files (x86)/microchip/xc16/v1.35/bin/bin/../../lib\libm-elf.a(funpack2.eo)
 __c30_signature
                  0x000685          0x6 c:/program files (x86)/microchip/xc16/v1.35/bin/bin/../../lib\libm-elf.a(futil.eo)
 __c30_signature
                  0x00068b          0x6 c:/program files (x86)/microchip/xc16/v1.35/bin/bin/../../lib\libm-elf.a(mulsf3.eo)
 __c30_signature
                  0x000691          0x6 c:/program files (x86)/microchip/xc16/v1.35/bin/bin/../../lib\libm-elf.a(fcompare.eo)
 __c30_signature
                  0x000697          0x6 c:/program files (x86)/microchip/xc16/v1.35/bin/bin/../../lib\libm-elf.a(floatundisf.eo)
 __c30_signature
                  0x00069d          0x6 c:/program files (x86)/microchip/xc16/v1.35/bin/bin/../../lib\libm-elf.a(funpack.eo)
 __c30_signature
                  0x0006a3          0x6 c:/program files (x86)/microchip/xc16/v1.35/bin/bin/../../lib\liblega-c-elf.a(strlen.XX_eo)
 __c30_signature
                  0x0006a9          0x6 c:/program files (x86)/microchip/xc16/v1.35/bin/bin/../../lib\liblega-c-elf.a(sprintf_cdnopuxX.XXeo)
 __c30_signature
                  0x0006af          0x6 c:/program files (x86)/microchip/xc16/v1.35/bin/bin/../../lib\liblega-c-elf.a(xprintf_cdnopuxX.XXeo)
 __c30_signature
                  0x0006b5          0x6 c:/program files (x86)/microchip/xc16/v1.35/bin/bin/../../lib\liblega-c-elf.a(xputfld_cdnopuxX.XXeo)
 __c30_signature
                  0x0006bb          0x6 c:/program files (x86)/microchip/xc16/v1.35/bin/bin/../../lib\liblega-c-elf.a(memcpy.XX_eo)
 __c30_signature
                  0x0006c1          0x6 c:/program files (x86)/microchip/xc16/v1.35/bin/bin/../../lib\liblega-c-elf.a(strchr.XX_eo)
 __c30_signature
                  0x0006c7          0x6 c:/program files (x86)/microchip/xc16/v1.35/bin/bin/../../lib\liblega-c-elf.a(xlitob.XX_eo)
 __c30_signature
                  0x0006cd          0x6 c:/program files (x86)/microchip/xc16/v1.35/bin/bin/../../lib\liblega-c-elf.a(xputtxt.XX_eo)
 __c30_signature
                  0x0006d3          0x6 c:/program files (x86)/microchip/xc16/v1.35/bin/bin/../../lib\liblega-c-elf.a(xvacopy.XX_eo)
 __c30_signature
                  0x0006d9          0x6 c:/program files (x86)/microchip/xc16/v1.35/bin/bin/../../lib\libm-elf.a(divsi3.eo)
 __c30_signature
                  0x0006df          0x6 c:/program files (x86)/microchip/xc16/v1.35/bin/bin/../../lib\libm-elf.a(udivsi3.eo)
 __c30_signature
                  0x0006e5          0x6 c:/program files (x86)/microchip/xc16/v1.35/bin/bin/../../lib\libm-elf.a(umodsi3.eo)
 __c30_signature
                  0x0006eb          0x6 c:/program files (x86)/microchip/xc16/v1.35/bin/bin/../../lib\libm-elf.a(divmoddi3.eo)

.nbss               0x0800         0x14
 .nbss              0x0800          0xe build/default/production/_ext/212041334/Comparator.o
                    0x0800                  _num
                    0x080a                  _CNflagPtr_Divider
                    0x080c                  _zeroCrossings
 .nbss              0x080e          0x6 build/default/production/main.o
                    0x080e                  _temp
                    0x0810                  _i
                    0x0812                  _CNflag

.ndata              0x0814          0x4
 .ndata             0x0814          0x4 build/default/production/_ext/212041334/Comparator.o
                    0x0814                  _frequencyDivider
                    0x0815                  _frequencyDividerMax
                    0x0816                  _NN

.nbss               0x0818          0x4
 .nbss              0x0818          0x2 build/default/production/_ext/212041334/UART2.o
                    0x0818                  _clkval
 .nbss              0x081a          0x2 build/default/production/_ext/212041334/IO.o
                    0x081a                  _CN_flag

.data               0x081c         0x3c
 .data              0x081c         0x22 c:/program files (x86)/microchip/xc16/v1.35/bin/bin/../../lib\liblega-c-elf.a(xlitob.XX_eo)
 .data              0x083e         0x1a c:/program files (x86)/microchip/xc16/v1.35/bin/bin/../../lib\liblega-c-elf.a(xprintf_cdnopuxX.XXeo)

.config_DSWDTEN
                  0xf80010          0x2
 .config_DSWDTEN
                  0xf80010          0x2 build/default/production/main.o

.config_BKBUG     0xf8000e          0x2
 .config_BKBUG    0xf8000e          0x2 build/default/production/main.o

.config_MCLRE     0xf8000c          0x2
 .config_MCLRE    0xf8000c          0x2 build/default/production/main.o

.config_FWDTEN    0xf8000a          0x2
 .config_FWDTEN
                  0xf8000a          0x2 build/default/production/main.o

.config_FCKSM     0xf80008          0x2
 .config_FCKSM    0xf80008          0x2 build/default/production/main.o

.config_IESO      0xf80006          0x2
 .config_IESO     0xf80006          0x2 build/default/production/main.o

.ivt._U2RXInterrupt
                  0x000050          0x2
 .ivt._U2RXInterrupt
                  0x000050          0x2 build/default/production/_ext/212041334/UART2.o

.ivt._U2TXInterrupt
                  0x000052          0x2
 .ivt._U2TXInterrupt
                  0x000052          0x2 build/default/production/_ext/212041334/UART2.o

.ivt._T2Interrupt
                  0x000022          0x2
 .ivt._T2Interrupt
                  0x000022          0x2 build/default/production/_ext/212041334/timer.o

.ivt._T3Interrupt
                  0x000024          0x2
 .ivt._T3Interrupt
                  0x000024          0x2 build/default/production/_ext/212041334/timer.o

.ivt._CNInterrupt
                  0x00003a          0x2
 .ivt._CNInterrupt
                  0x00003a          0x2 build/default/production/_ext/212041334/IO.o

.ivt._CompInterrupt
                  0x000038          0x2
 .ivt._CompInterrupt
                  0x000038          0x2 build/default/production/_ext/212041334/Comparator.o

.const              0x9056         0xd2 load address 0x001056  
 .const             0x9056         0x90 build/default/production/_ext/212041334/Comparator.o
 .const             0x90e6         0x42 build/default/production/_ext/212041334/IO.o

.text             0x001128        0x7ba
 .text            0x001128        0x404 build/default/production/_ext/212041334/Comparator.o
                  0x001128                  _PrintStatusOnChange
                  0x001174                  _SwitchOnZeroCrossings
                  0x0011b6                  _CM_init
                  0x0011e8                  _Final_Exam_CM_init
                  0x00123a                  _CVREFinit
                  0x001486                  _Divider_Init
                  0x001492                  _CN_check_Divider
 .text            0x00152c        0x1aa build/default/production/_ext/212041334/UART2.o
                  0x00152c                  _InitUART2
                  0x001594                  _XmitUART2
                  0x0015d0                  _Disp2Hex
                  0x00162e                  _Disp2Hex32
                  0x00169c                  _Disp2Dec
                  0x0016b4                  _Disp2String
 .text            0x0016d6        0x102 build/default/production/_ext/212041334/timer.o
                  0x0016d6                  _Init_Timer_16bit
                  0x0016ec                  _Init_Timer_32bit
                  0x001704                  _delay_ms
                  0x001722                  _delay_us
                  0x001748                  _delay_us_32
 .text            0x0017d8         0x96 build/default/production/_ext/212041334/IO.o
                  0x0017d8                  _CN_check
                  0x00182a                  _CN_init
                  0x00184e                  _CN_init_for_Rx
 .text            0x00186e         0x74 build/default/production/ChangeClk.o
                  0x00186e                  _NewClk

.dinit            0x0018e2         0x5a
 .dinit           0x0018e2         0x5a data_init

.text             0x00193c         0x24
 .text            0x00193c         0x24 build/default/production/main.o
                  0x00193c                  _main
